python : Exception ignored 
in PyObject_HasAttr(); 
consider using PyObject_HasA
ttrWithError(), 
PyObject_GetOptionalAttr() 
or PyObject_GetAttr():
At line:1 char:1
+ python test_import.py 
2>&1 | Out-File -FilePath 
error_log.txt
+ ~~~~~~~~~~~~~~~~~~~~~~~~~~
    + CategoryInfo          
    : NotSpecified: (Excep  
  tion ignor...ject_GetAt   
 tr()::String) [], Remot    
eException
    + FullyQualifiedErrorId 
    : NativeCommandError
 
Traceback (most recent call 
last):
  File "C:\Users\sapps\AppDa
ta\Local\Packages\PythonSoft
wareFoundation.Python.3.13_q
bz5n2kfra8p0\LocalCache\loca
l-packages\Python313\site-pa
ckages\pydantic\__init__.py"
, line 426, in __getattr__
    return _getattr_migratio
n(attr_name)
  File "C:\Users\sapps\AppDa
ta\Local\Packages\PythonSoft
wareFoundation.Python.3.13_q
bz5n2kfra8p0\LocalCache\loca
l-packages\Python313\site-pa
ckages\pydantic\_migration.p
y", line 296, in wrapper
    raise 
PydanticImportError(
pydantic.errors.PydanticImpo
rtError: `BaseSettings` has 
been moved to the 
`pydantic-settings` 
package. See https://docs.py
dantic.dev/2.11/migration/#b
asesettings-has-moved-to-pyd
antic-settings for more 
details.

For further information 
visit https://errors.pydanti
c.dev/2.11/u/import-error
Traceback (most recent call 
last):
  File "C:\Users\sapps\Deskt
op\quantum-state-visulizer-m
ain\backend\test_import.py",
 line 3, in <module>
    from main import app
  File "C:\Users\sapps\Deskt
op\quantum-state-visulizer-m
ain\backend\main.py", line 
16, in <module>
    from container import 
container
  File "C:\Users\sapps\Deskt
op\quantum-state-visulizer-m
ain\backend\container.py", 
line 32, in <module>
    from ibm_service import 
IBMQuantumService
  File "C:\Users\sapps\Deskt
op\quantum-state-visulizer-m
ain\backend\ibm_service.py",
 line 12, in <module>
    from container import 
container
ImportError: cannot import 
name 'container' from 
'container' (consider 
renaming 'C:\\Users\\sapps\\
Desktop\\quantum-state-visul
izer-main\\backend\\containe
r.py' if it has the same 
name as a library you 
intended to import)
ERROR: cannot import name 'container' from 'container' (consider renaming 'C:\\Users\\sapps\\Desktop\\quantum-state-visulizer-main\\backend\\container.py' if it has the same name as a library you intended to import)
